
> rebelein-aufmass@1.8.9 dev
> vite

node:internal/modules/esm/resolve:271
    throw new ERR_MODULE_NOT_FOUND(
          ^

Error [ERR_MODULE_NOT_FOUND]: Cannot find module '/home/goe/Dokumente/Aufmass/node_modules/dist/node/cli.js' imported from /home/goe/Dokumente/Aufmass/node_modules/.bin/vite
    at finalizeResolution (node:internal/modules/esm/resolve:271:11)
    at moduleResolve (node:internal/modules/esm/resolve:861:10)
    at defaultResolve (node:internal/modules/esm/resolve:988:11)
    at #cachedDefaultResolve (node:internal/modules/esm/loader:697:20)
    at #resolveAndMaybeBlockOnLoaderThread (node:internal/modules/esm/loader:714:38)
    at ModuleLoader.resolveSync (node:internal/modules/esm/loader:746:52)
    at #resolve (node:internal/modules/esm/loader:679:17)
    at ModuleLoader.getOrCreateModuleJob (node:internal/modules/esm/loader:599:35)
    at node:internal/modules/esm/loader:628:32
    at TracingChannel.tracePromise (node:diagnostics_channel:362:14) {
  code: 'ERR_MODULE_NOT_FOUND',
  url: 'file:///home/goe/Dokumente/Aufmass/node_modules/dist/node/cli.js'
}

Node.js v25.9.0
